2025-11-06 21:35:59 [ERROR] : API返回状态不是success，状态为：except
NoneType: None
2025-11-06 21:35:59 [ERROR] : NoneType: None
NoneType: None
2025-11-06 21:36:10 [ERROR] : 钉钉推送返回异常结果: {'errcode': 310000, 'errmsg': '错误描述:机器人发送签名不匹配;解决方案:请确认签名和生成签名的时间戳必须都放在调用的网址中，请确认机器人的密钥加密和填写正确;参考链接:请参考本接口对应文档获得具体要求，或者在https://open.dingtalk.com/document/  搜索相关文档;'}
NoneType: None
2025-11-06 21:36:10 [ERROR] : NoneType: None
NoneType: None
2025-11-06 21:36:11 [ERROR] : 钉钉推送返回异常结果: {'errcode': 310000, 'errmsg': '错误描述:机器人发送签名不匹配;解决方案:请确认签名和生成签名的时间戳必须都放在调用的网址中，请确认机器人的密钥加密和填写正确;参考链接:请参考本接口对应文档获得具体要求，或者在https://open.dingtalk.com/document/  搜索相关文档;'}
NoneType: None
2025-11-06 21:36:11 [ERROR] : NoneType: None
NoneType: None
2025-11-06 21:36:11 [ERROR] : 钉钉推送返回异常结果: {'errcode': 310000, 'errmsg': '错误描述:机器人发送签名不匹配;解决方案:请确认签名和生成签名的时间戳必须都放在调用的网址中，请确认机器人的密钥加密和填写正确;参考链接:请参考本接口对应文档获得具体要求，或者在https://open.dingtalk.com/document/  搜索相关文档;'}
NoneType: None
2025-11-06 21:36:11 [ERROR] : NoneType: None
NoneType: None
2025-11-06 21:36:12 [ERROR] : 钉钉推送返回异常结果: {'errcode': 310000, 'errmsg': '错误描述:机器人发送签名不匹配;解决方案:请确认签名和生成签名的时间戳必须都放在调用的网址中，请确认机器人的密钥加密和填写正确;参考链接:请参考本接口对应文档获得具体要求，或者在https://open.dingtalk.com/document/  搜索相关文档;'}
NoneType: None
2025-11-06 21:36:12 [ERROR] : NoneType: None
NoneType: None
2025-11-06 21:36:12 [ERROR] : 钉钉推送返回异常结果: {'errcode': 310000, 'errmsg': '错误描述:机器人发送签名不匹配;解决方案:请确认签名和生成签名的时间戳必须都放在调用的网址中，请确认机器人的密钥加密和填写正确;参考链接:请参考本接口对应文档获得具体要求，或者在https://open.dingtalk.com/document/  搜索相关文档;'}
NoneType: None
2025-11-06 21:36:12 [ERROR] : NoneType: None
NoneType: None
2025-11-06 21:36:13 [ERROR] : 钉钉推送返回异常结果: {'errcode': 310000, 'errmsg': '错误描述:机器人发送签名不匹配;解决方案:请确认签名和生成签名的时间戳必须都放在调用的网址中，请确认机器人的密钥加密和填写正确;参考链接:请参考本接口对应文档获得具体要求，或者在https://open.dingtalk.com/document/  搜索相关文档;'}
NoneType: None
2025-11-06 21:36:13 [ERROR] : NoneType: None
NoneType: None
2025-11-06 21:36:14 [ERROR] : 钉钉推送返回异常结果: {'errcode': 310000, 'errmsg': '错误描述:机器人发送签名不匹配;解决方案:请确认签名和生成签名的时间戳必须都放在调用的网址中，请确认机器人的密钥加密和填写正确;参考链接:请参考本接口对应文档获得具体要求，或者在https://open.dingtalk.com/document/  搜索相关文档;'}
NoneType: None
2025-11-06 21:36:14 [ERROR] : NoneType: None
NoneType: None
2025-11-06 21:36:14 [ERROR] : 钉钉推送返回异常结果: {'errcode': 310000, 'errmsg': '错误描述:机器人发送签名不匹配;解决方案:请确认签名和生成签名的时间戳必须都放在调用的网址中，请确认机器人的密钥加密和填写正确;参考链接:请参考本接口对应文档获得具体要求，或者在https://open.dingtalk.com/document/  搜索相关文档;'}
NoneType: None
2025-11-06 21:36:14 [ERROR] : NoneType: None
NoneType: None
2025-11-06 22:03:12 [ERROR] : API返回状态不是success，状态为：except
NoneType: None
2025-11-06 22:03:12 [ERROR] : NoneType: None
NoneType: None
2025-11-06 22:03:36 [ERROR] : 钉钉推送返回异常结果: {'errcode': 660026, 'errmsg': 'sending too many messages per minute'}
NoneType: None
2025-11-06 22:03:36 [ERROR] : NoneType: None
NoneType: None
2025-11-06 22:03:36 [ERROR] : 钉钉推送返回异常结果: {'errcode': 660026, 'errmsg': 'sending too many messages per minute'}
NoneType: None
2025-11-06 22:03:36 [ERROR] : NoneType: None
NoneType: None
2025-11-06 22:03:37 [ERROR] : 钉钉推送返回异常结果: {'errcode': 660026, 'errmsg': 'sending too many messages per minute'}
NoneType: None
2025-11-06 22:03:37 [ERROR] : NoneType: None
NoneType: None
2025-11-06 22:08:40 [ERROR] : API返回状态不是success，状态为：except
NoneType: None
2025-11-06 22:08:40 [ERROR] : NoneType: None
NoneType: None
